
There are no discarded input sections

Memory Configuration

Name             Origin             Length             Attributes
FLASH            0x08000000         0x00080000         xr
RAM              0x20000000         0x00020000         xrw
*default*        0x00000000         0xffffffff

Linker script and memory map

LOAD build/main.o
LOAD build/startup.o
                0x20020000                        _estack = (ORIGIN (RAM) + LENGTH (RAM))

.isr_vector     0x08000000       0xd8
 *(.isr_vector)
 .isr_vector    0x08000000       0xd8 build/startup.o
                0x08000000                vectors

.text           0x080000d8      0x18c
 *(.text)
 .text          0x080000d8      0x124 build/main.o
                0x080000d8                USART1_IRQHandler
                0x08000118                USART_SendString
                0x0800015c                main
 .text          0x080001fc       0x68 build/startup.o
                0x080001fc                Reset_Handler

.rodata         0x08000264       0x11
 .rodata        0x08000264       0x11 build/main.o

.glue_7         0x08000278        0x0
 .glue_7        0x08000278        0x0 linker stubs

.glue_7t        0x08000278        0x0
 .glue_7t       0x08000278        0x0 linker stubs

.vfp11_veneer   0x08000278        0x0
 .vfp11_veneer  0x08000278        0x0 linker stubs

.v4_bx          0x08000278        0x0
 .v4_bx         0x08000278        0x0 linker stubs

.iplt           0x08000278        0x0
 .iplt          0x08000278        0x0 build/main.o

.rel.dyn        0x08000278        0x0
 .rel.iplt      0x08000278        0x0 build/main.o

.data           0x20000000        0x0 load address 0x08000275
                0x20000000                        _sdata = .
 *(.data)
 .data          0x20000000        0x0 build/main.o
 .data          0x20000000        0x0 build/startup.o
                0x20000000                        _edata = .
                0x08000275                        _sidata = LOADADDR (.data)

.igot.plt       0x20000000        0x0 load address 0x08000275
 .igot.plt      0x20000000        0x0 build/main.o

.bss            0x20000000       0x18 load address 0x08000275
                0x20000000                        _sbss = .
 *(.bss)
 .bss           0x20000000        0x0 build/main.o
 .bss           0x20000000       0x18 build/startup.o
                0x20000018                        _ebss = .
OUTPUT(build/program.elf elf32-littlearm)
LOAD linker stubs

.debug_info     0x00000000      0x3d7
 .debug_info    0x00000000      0x27a build/main.o
 .debug_info    0x0000027a      0x15d build/startup.o

.debug_abbrev   0x00000000      0x1d4
 .debug_abbrev  0x00000000      0x10f build/main.o
 .debug_abbrev  0x0000010f       0xc5 build/startup.o

.debug_aranges  0x00000000       0x40
 .debug_aranges
                0x00000000       0x20 build/main.o
 .debug_aranges
                0x00000020       0x20 build/startup.o

.debug_line     0x00000000      0x1e3
 .debug_line    0x00000000      0x143 build/main.o
 .debug_line    0x00000143       0xa0 build/startup.o

.debug_str      0x00000000      0x213
 .debug_str     0x00000000      0x213 build/main.o
                                0x1df (size before relaxing)
 .debug_str     0x00000213      0x19d build/startup.o

.comment        0x00000000       0x26
 .comment       0x00000000       0x26 build/main.o
                                 0x27 (size before relaxing)
 .comment       0x00000026       0x27 build/startup.o

.ARM.attributes
                0x00000000       0x2e
 .ARM.attributes
                0x00000000       0x2e build/main.o
 .ARM.attributes
                0x0000002e       0x2e build/startup.o

.debug_frame    0x00000000       0xb4
 .debug_frame   0x00000000       0x80 build/main.o
 .debug_frame   0x00000080       0x34 build/startup.o
